# Gates that must have produced a report before the tree can be called good.
#
# This file is the half of the mechanism that an exit code cannot supply.
# A gate that never runs leaves no report; without a list of gates that
# ought to exist, "no report" and "nothing to report" are the same thing.
# A CI gate in this repository sat behind an already-red target for its
# whole life and was counted as passing the entire time.
#
# One gate name per line.  A trailing `?' marks the gate optional: it is
# shown when present, and its absence is not a failure.
#
# Add a line here the moment a gate becomes load-bearing.  Removing a
# line is a decision to stop caring about that gate — make it explicitly,
# not by letting the gate quietly stop emitting.

compile
ert-full

# Tree-wide checks that already ratchet against a baseline.  Each now
# prints a GATE-COUNT line so "clean" and "scanned nothing" can be told
# apart; run them through `nelisp-ai.sh gate NAME -- make TARGET'.
parens-check

# The standalone build emits Elisp programs as string literals, whose parens
# `parens-check' cannot see: it reads the .el file, not the text it produces.
# One dropped paren nested the artifact command dispatch inside an `unless'
# that never runs, and `compile-elisp-artifact' silently did nothing for two
# days before a bisect found it.  This one parses the generated text.
generated-source-parse

unsafe-inventory
ns-inventory
reader-surface-audit
pkg-graph
pkg-load-lists
fallback-inventory
bootstrap-contract

# Developer-loop gates: useful, but not evidence about the whole tree.
ert-focus?
ns?

# Namespace boundaries for the recipe skeletons.  Whole-tree namespace
# checking is `make ns-inventory', which ratchets against a baseline;
# this one requires the skeletons to be simply clean, since they are
# what people copy.
ns-recipes?

# Recipe smokes: run them when touching recipes/, or to find out whether
# an application shape still works on this machine.
recipe-stdio-service?
recipe-batch-data?
recipe-native-hotpath?
recipe-native-hotpath-exec?
recipe-checked-resources?

# Measurements.  A bench gate passes when the ratio is valid, skips with
# a reason when the machine invalidated it, and fails only when the two
# arms are the same program.  It never fails on the number itself.
bench-borrow-check?

# The price of adopting nl-safe in the stdio service, measured the same
# way.  See recipes/stdio-service/README.org.
bench-service-borrow?

# What the binary in front of you can actually do.  Optional: it needs a
# binary, and on a machine without one it reports a reasoned skip.
runtime-probe?

# Elisp to wasm32, validated and executed under node.  Optional only
# because it needs node; it passes on both hosts measured so far.
wasm-smoke?

# Standalone gates.  These build a binary from the tree and run it, so
# they need a Linux x86_64 host.  Everywhere else the default target
# (linux-x86_64) is not runnable, `nelisp-standalone--target-runnable-on-host-p'
# is nil, and the gate prints GATE-SKIP with a reason rather than exiting 0
# -- which used to read as a pass.  `verify' accepts a reasoned skip for a
# required gate, so requiring this one does not paint macOS or Windows red.
#
# standalone-reader-test was OPTIONAL because it was red on Linux, and had
# been before this contract reached it: `require' began signalling
# `file-missing' instead of silently succeeding (a good change), and the
# standalone path carried requires that only ever worked because it did not.
# Measured 2026-08-18 in WSL Debian, failing at the fifth of its eight
# checks with `file-missing: url-parse'.
#
# cd64c0bd7 (2026-08-19) resolved it, by measuring what the tree actually
# needs rather than assuming: every name the code uses from `subr-x' is
# already defined by the stdlib prelude, and `url-parse'/`url-util' are
# wanted only so the primitive install loop finds real function objects on
# a real host -- a loop that already guards each entry with `fboundp'.  The
# requires were made optional; the functions were never missing, only the
# files.
#
# Promoted 2026-08-21, on measurement rather than on that reasoning:
#
#   HEAD  8 of 8 checks, 0 findings -- twice, once from a wiped target/
#   main  fails at 5 of 8, `file-missing: url-parse' -- the 08-18 shape
#
# main is an ancestor of HEAD, so the fix and this line merge together and
# there is no window where the requirement outruns the fix.
#
# It is not in `nelisp-ai.sh check', for the reason `ert-full' is not: it
# builds a binary.  `nelisp-ai.sh standalone' produces the report, and
# `verify' prints its age.
standalone-reader-test

# nelisp-native-artifact-gate is the second half of the same unblocking, and
# guards the contract Nelix needs before it can rely on precompiled elisp:
# bulk .neln builds, `--native-policy required' proving every top-level defun
# entered native code, the audit reporting coverage gaps, and the
# load/eval/exec commands preferring the adjacent artifact.  Two of its nine
# cases are negatives -- a required policy that must refuse an unsupported
# target, an audit that must reject a missing artifact -- so it fails if the
# contract stops being enforced, not only if it stops working.
#
# Wired and promoted 2026-08-21, measured the same way:
#
#   HEAD                9 of 9 cases -- twice, once from a wiped target/
#   main's binary       fails at case 3, `file-missing: url-parse'
#
# That control is the whole argument.  It ran HEAD's script against a binary
# built from main, so the only variable is the binary: same host, same script,
# same minute.  It also showed the partial count working -- GATE-COUNT
# checked=2 findings=1 -- so a failure says how far it got rather than
# disappearing into "no GATE-COUNT line".
#
# Skips the same way and for the same reason as standalone-reader-test, by
# asking `--target-runnable-on-host-p' rather than keeping its own uname
# table.  A predicate that cannot be asked is an error, not a skip: those two
# are told apart by exit code, since folding them together is how a broken
# invocation starts reading as a reasoned skip.
#
# `nelisp-ai.sh native-artifact' produces the report.  Out of `check'
# alongside standalone-reader-test, for the reason ert-full is: it builds a
# binary.
nelisp-native-artifact-gate
#
# nelisp-performance-gate and standalone-selfhost-test were the last two of the
# four that shared the `file-missing: url-parse' defect.  Both were past it and
# failing on their own, and both are wired and required as of 2026-08-21.
#
# nelisp-performance-gate exercises the pair the artifact runtime cache exists
# for: the same module loaded and evaluated through the cache and through the
# source fallback, plus the build restoring the enable marker it removes.  Only
# the cache half had ever run green.  The source half failed at `fallback_load'
# with `wrong-type-argument sequencep nil', which was the reader turning
# `:preloads nil' into a symbol NAMED "nil" -- one that prints as nil and
# answers nil to `null', `listp' and `sequencep' alike.  Fixed in
# `nelisp-read--sexp'.
#
# standalone-selfhost-test is the standalone interpreter loading its own
# compiler toolchain as source and emitting a native x86_64 ELF with no Emacs
# in the loop.  It failed at `file-missing: nelisp-asm-arm64' because the
# driver concatenated its files in the wrong dependency order -- harmless while
# `require' silently succeeded on a missing file, fatal once it signalled.
# Behind that were two more: `nelisp-aot-compiler.el' pulled the whole CC
# pipeline in through one top-level require, and the assembler counted and
# indexed its own output in CHARACTERS, so a two-byte instruction whose bytes
# form valid UTF-8 read back as one character 455 and failed a byte range
# check.
#
# Both skip the same way as the other standalone gates, by asking
# `--target-runnable-on-host-p'.  `nelisp-ai.sh perf' and `nelisp-ai.sh
# selfhost' produce the reports; both build a binary, so both stay out of
# `check'.
nelisp-performance-gate
standalone-selfhost-test

# ===================================================================
# The 2026-08-21 sweep: every gate-like make target, measured
# ===================================================================
#
# 49 gate-like targets in the Makefile were not listed here, and nothing was
# running them.  All 49 were measured.  What follows is where each one landed,
# so the next person does not have to run the sweep again to find out.
#
# Five defects came out of it, four of them the same defect -- `length' and
# `aref' counting CHARACTERS where bytes were meant, in the arm64 assembler and
# in five sites of the ELF writer.  A 120-byte .text section measured 118.
# Details in the commit; the point here is that these gates existed and were
# not run, so the defects sat.
#
# GREEN AND WIRED ABOVE: the reader smokes are covered by
# `standalone-reader-test' (11 checks), which now includes the arm64
# byte-identity check.  Beside it stand 28 individual `standalone-reader-*'
# targets, each measured green on 2026-08-21 -- two of them only after the
# fixes in this sweep.  Named in full so a later reader can tell "measured and
# green" from "nobody looked":
#
#   standalone-reader-catch-throw-tag-smoke   standalone-reader-checked
#   standalone-reader-checked-soak            standalone-reader-cond-let-shape-smoke
#   standalone-reader-current-time-smoke      standalone-reader-declare-strip-smoke
#   standalone-reader-derived-mode-shape-smoke standalone-reader-elt-smoke
#   standalone-reader-ffi-smoke  (was red: print-circle in the unit cache key)
#   standalone-reader-fmt-smoke               standalone-reader-getenv-smoke
#   standalone-reader-intern-soft-loop-smoke  standalone-reader-intern-soft-smoke
#   standalone-reader-load-smoke              standalone-reader-match-data-smoke
#   standalone-reader-mod-float-smoke  (was red: `mod' with a negative divisor)
#   standalone-reader-nested-backquote-macro-smoke
#   standalone-reader-number-token-smoke      standalone-reader-pcase-quote-literal-smoke
#   standalone-reader-prelude-equal-reload-smoke  standalone-reader-prelude-test
#   standalone-reader-process-smoke           standalone-reader-realrt-smoke
#   standalone-reader-recursion-guard-smoke   standalone-reader-repl-smoke
#   standalone-reader-require-provide-smoke   standalone-reader-shadow-smoke
#   standalone-reader-tls-smoke
#
# GREEN AND NOW WIRED: these were measured clean by the sweep and had no
# report, so `verify' could not hold anyone to them.  Each now prints a
# GATE-COUNT line and is required below.  Nine needed the line added; four
# already printed one and only needed listing.
#
# Split by cost, because that decides where they run:
#
#   in `check' (seconds, no binary):
#     prelude-toplevel-check  partial-inventory  gate-selfcheck  ns-gate
#     nl-check-gate  fallback-inventory-selftest  wasm-dtw-skeleton-smoke
#
#   `nelisp-ai.sh extras' (each builds a binary):
#     nelisp-runtime-image-cache-gate  nelisp-source-command-substrate-gate
#     standalone-chunk-growth-test  standalone-parallel-compile-test
#     standalone-selfhost-mt-test  wasm-runtime-image-smoke
#
#   `nelisp-ai.sh smokes':
#     standalone-reader-smokes -- the 28 individual reader smokes as ONE gate.
#     28 separate reports would demand 28 freshness checks for one build's
#     worth of evidence; the count is the signal, and a target that stops
#     existing shows up as a smaller number.
#
prelude-toplevel-check
partial-inventory
gate-selfcheck
ns-gate
nl-check-gate
fallback-inventory-selftest
wasm-dtw-skeleton-smoke
nelisp-runtime-image-cache-gate
nelisp-source-command-substrate-gate
standalone-chunk-growth-test
standalone-parallel-compile-test
standalone-selfhost-mt-test
wasm-runtime-image-smoke
standalone-reader-smokes
#
# CANNOT RUN HERE, AND NOW SAY SO: three of these exit 0 with a GATE-SKIP line
# and a reason, which `verify' accepts for a required gate.  They are not
# listed as required yet only because nothing has run their success path --
# adding a wrapper whose green has never been seen is the unverified-gate
# problem in a new place -- but the skip is no longer indistinguishable from a
# failure:
#
#   macho-acceptance-test   GATE-SKIP macho acceptance requires macOS.  Also
#                           counts its 8 checks now, so a macOS runner gets a
#                           number rather than silence.
#   wasm-dtw-smoke          GATE-SKIP newDTW-nelisp checkout absent.  The
#   wasm-dtw-site-smoke     transpile step decides it, so the whole chain skips
#                           together; DTW_GAME_ROOT points it at a checkout.
#                           (Its compile step also asked for `--kind neln' with
#                           a `.wasm' output, the same mismatch fixed in
#                           wasm-runtime-image-smoke -- corrected here too, so
#                           a machine that HAS the checkout gets past it.)
#
# NOT A HOST PROBLEM AFTER THE MEASUREMENT: the three nelix gates were filed
# here as "needs an external checkout".  That was wrong -- `../nelix' exists
# (its own repository, last commit 2026-06-25) and the gates reach it.  They
# fail on defects:
#
#   nelisp-nelix-command-gate   `file-missing: "nelix-compat.el"'.  Not a
#   nelisp-nelix-operational-gate  missing file: `../nelix/nelix-compat.el' is
#                               there.  `nelix/bin/nelix' sets no `load-path'
#                               for its nelisp-runtime path, so the
#                               `(require 'nelix-compat)' in nelix-build.el and
#                               friends cannot resolve.  Setting NELIX_LISPDIR
#                               does not help (measured).
#   nelisp-nelix-native-hot-gate  reaches the repo and fails on an output
#                               mismatch at `standalone_subset_audit_id_native'.
#
# The defect is in `dev/nelix', a separate repository, so it is recorded rather
# than patched from here.  They are deliberately NOT given a GATE-SKIP: skipping
# a gate that runs and finds a real defect is exactly how a check starts passing
# by not running.
#
# gate-mutation injects a real defect in front of a gate and asks whether the
# gate goes red.  On 2026-08-21 two of five did not, and it was listed here as
# correctly-red rather than required -- a true report, not a failure.  Both are
# fixed, so it is 5/5 and required:
#
#   ns-gate stayed green when `round' diverged from its lisp/ mirror, because
#   the accepted-set key was kind+subject+files.  Once a divergence is
#   accepted, the two definitions could drift into any other shape and still
#   match.  The key now carries a digest of the definitions, so accepting a
#   divergence accepts THAT divergence rather than the name.  (Re-pinned: the
#   key changed, so the accepted set was regenerated from the clean tree --
#   144 entries, same as before.)
#
#   parity-coverage stayed green when a covered name stopped being mentioned,
#   because it ratchets on a COUNT and was running 102 above its floor.  A
#   count cannot see a specific name leave.  The baseline now also pins the
#   259 names the corpus covers today; losing one fails and says which.  The
#   floor went 157 -> 259 in the same pass: a floor 102 below the measurement
#   is not a floor.
#
gate-mutation
#
# RED, AND OPEN:
#
#   standalone-eval-test -- fails at link, not at runtime.  `shim.o' calls
#   `nl_gc_ctx_pop' and `applyfn.o' calls `nl_os_write_file_handle', both
#   defined only in reader-only units that the legacy eval manifest does not
#   list.  Appending those units moves the error to the next symbol rather
#   than clearing it, and the comment on `--applyfn-census-helpers' shows the
#   tree's chosen direction is the opposite one: move reader-only code out of
#   shared units.  That is a layering decision about what the eval binary is
#   for, not a patch, so it is recorded rather than guessed at.
#
# `make audit' is deliberately absent: it exits 1 on 27 PENDING
# sub-phases, which is a roadmap state rather than a defect, and a gate
# that is red by design trains people to ignore the column.
#
# NOT GATES, and listed so the absence is a decision rather than an oversight:
# `test', `test-fast', `test-jit', `test-nojit', `test-one' and
# `test-parallel' are ERT drivers over the same suite `ert-full' already
# reports on -- listing them would count the same evidence six more times.
# `release-checksum' and `alloc-check-collect' are tooling that produces
# artifacts, not checks that can pass or fail.
